// Jest Snapshot v1, https://goo.gl/fbAQLP

exports[`Square Component should render the square component 1`] = `
<DocumentFragment>
  <button
    class="square"
  >
    X
  </button>
</DocumentFragment>
`;
